// Jest Snapshot v1, https://goo.gl/fbAQLP

exports[`should fetch profile 1`] = `
Object {
  "displayName": "Antonio Milesi Bastos",
  "email": "antonio+linkedin@milesibastos.com",
  "id": "1234567890",
  "photoURL": "https://media-exp1.licdn.com/dms/image/C4D03AQGO_aSu5EocyA/profile-displayphoto-shrink_100_100/0/1586103177020?e=1616025600&v=beta&t=UN-V9n5EOqtsC0NCkJOhZn_kO98DnCrfVZ25XYCByaE",
}
`;
